Yubico YubiKey OTP+FIDO+CCID 01:F441E6F4ADD287696B3E7EAE7DD76E99:true:true:4.3.7::9A:9B:9C;/title=piv-sign/CN=F441E6F4ADD287696B3E7EAE7DD76E99;ECDSA;256:9D:9E;/title=piv-card-auth/CN=F441E6F4ADD287696B3E7EAE7DD76E99;ECDSA;256
Yubico YubiKey OTP+FIDO+CCID:13001FD89DAFCA91222AE231CD4C7C24:true:true:5.1.2::9A;/title=piv-auth/CN=9EFCD5B9AB3BFD5C3CC836828503FE58;RSA;2048:9B:9C:9D;/CN=pedropc;ECDSA;256:9E;/title=piv-card-auth/CN=A0A3B01E695363E02ACFC88430C821A0;ECDSA;256
